Python 2.7.12 (default, Dec  4 2017, 14:50:18) 
[GCC 5.4.0 20160609] on linux2
Type "copyright", "credits" or "license()" for more information.
>>> open ("teksts.txt" ,"r")
<open file 'teksts.txt', mode 'r' at 0x7ff6742ab8a0>
>>> open("/home/user/teksts.txt","r")
<open file '/home/user/teksts.txt', mode 'r' at 0x7ff67413be40>
>>> f = open('teksts.txt')
>>> for kline in f
SyntaxError: invalid syntax
>>> f = open('teksts.txt')
>>> for line in f
SyntaxError: invalid syntax
>>> f = open('teksts.txt')
>>> for line in f:
	line

	
'adjalksdjlkajs\n'
>>> fhand = open('teksts.txt', 'ŗ')

Traceback (most recent call last):
  File "<pyshell#10>", line 1, in <module>
    fhand = open('teksts.txt', 'ŗ')
ValueError: mode string must begin with one of 'r', 'w', 'a' or 'U', not 'ŗ'
>>> fhand = open('teksts.txt', 'r')
>>> handle = open(teksts. mode)

Traceback (most recent call last):
  File "<pyshell#12>", line 1, in <module>
    handle = open(teksts. mode)
NameError: name 'teksts' is not defined
>>> fhand = open('teksts.txt','r')
>>> handle = open(teksts.txt, mode)

Traceback (most recent call last):
  File "<pyshell#15>", line 1, in <module>
    handle = open(teksts.txt, mode)
NameError: name 'teksts' is not defined
>>> fhand = open('teksts.txt', 'r')
>>> handle = open('teksts.txt', 'r')
>>> fhand=open('teksts.txt')
>>> print(fhand)
<open file 'teksts.txt', mode 'r' at 0x7ff673ead4b0>
>>> fhand = open('teksts.txt')
>>> stuff = 'Hello\nWorld!'
>>> stuff
'Hello\nWorld!'
>>> print(stuff)
Hello
World!
>>> stuff = 'X\nY'
>>> print(stuff)
X
Y
>>> len(stuff)
3
>>> xfile = open('teksts.txt')
>>> for cheese in xfile:
	print(cheese)

	
adjalksdjlkajs

>>> fhand = open('teksts.txt')
>>> count = 0
>>> for line in fhand:
	count = count + 1
	print('Line Count:',count)

	
('Line Count:', 1)
>>> $ python open.py
SyntaxError: invalid syntax
>>> fhand = open('teksts.txt')
>>> count=0
>>> for line in fhand:
	count=count+1
	print('Line Count:',count)
	$ python open.py
	
SyntaxError: invalid syntax
>>> fhand = open('teksts.txt')
>>> inp = fhand.read()
>>> print(len(inp))
15
>>> print(inp[:20])
adjalksdjlkajs

>>> fhand=open('teksts.txt')
>>> for line in fhand:
	if line.startswith('teksts.txt:'):
		print(line)

		
>>> fhand=open('teksts.txt')
>>> for line in fhand:
	if line.open('teksts.txt:'):
		print(line)

		

Traceback (most recent call last):
  File "<pyshell#57>", line 2, in <module>
    if line.open('teksts.txt:'):
AttributeError: 'str' object has no attribute 'open'
>>> fhand=open('teksts.txt')
>>> for line in fhand:
	line=line.rstrip()
	if line.startswith('teksts.txt:')
	
SyntaxError: invalid syntax
>>> fhand=open('teksts.txt')
>>> for line in fhand:
	line=line.rstrip()
	if line.startswith('teksts.txt:'):
		print(line)

		
>>> from: stephan.marquard@utc.ac.za
SyntaxError: invalid syntax
>>> from: stephen.marquard@utc.ac.za\n
SyntaxError: invalid syntax
>>> from : stephan.marquard@utc.ac.za\n
SyntaxError: invalid syntax
>>> fhand = open('teksts.txt')
>>> for line in fnahd:
	line = line.rstrip()
	if not line.startswith('From:'):
		continue
	print(line)

	

Traceback (most recent call last):
  File "<pyshell#77>", line 1, in <module>
    for line in fnahd:
NameError: name 'fnahd' is not defined
>>> fhand=open('teksts.txt')
>>> for line in fhand:
	line = line.rstrip()
	if not '@utc.ac.za''in line :
	
SyntaxError: EOL while scanning string literal
>>> fhand = open('teksts.txt')
>>> for line in fhand:
	line = line.rstrip()
	if not '@utc.ac.za' in line :
		continue
	print(line)

	
>>> fname=input('teksts.txt: ')
teksts.txt: 

Traceback (most recent call last):
  File "<pyshell#89>", line 1, in <module>
    fname=input('teksts.txt: ')
  File "<string>", line 0
    
    ^
SyntaxError: unexpected EOF while parsing
>>> fname = input ('teksts.txt: ')
teksts.txt: fhand = open(fname)

Traceback (most recent call last):
  File "<pyshell#90>", line 1, in <module>
    fname = input ('teksts.txt: ')
  File "<string>", line 1
    fhand = open(fname)
          ^
SyntaxError: invalid syntax
>>> fhand = open('teksts.txt')
>>> for line in fhand:
	if line.startswith('teksts.txt') :
		print(line)

		
>>> fhand = open('teksts.txt')
>>> or line in fhand
SyntaxError: invalid syntax
>>> fhand = open ('teksts.txt')
>>> for line in fhand:
	if line.startswith('From:'):
		print(line)

		
>>> From : rjlowe@iupui.edu
SyntaxError: invalid syntax
>>> from rjlowe@iupui.edu
SyntaxError: invalid syntax
>>> from rjlowe@iupiu.edu\n
SyntaxError: invalid syntax
>>> fname = input('teksts.txt:'°
	      
SyntaxError: invalid syntax
>>> 
>>> fname=input('teksts.txt: ')
teksts.txt: l

Traceback (most recent call last):
  File "<pyshell#108>", line 1, in <module>
    fname=input('teksts.txt: ')
  File "<string>", line 1, in <module>
NameError: name 'l' is not defined
>>> fname = input('teksts.txt: ')
teksts.txt: 

Traceback (most recent call last):
  File "<pyshell#109>", line 1, in <module>
    fname = input('teksts.txt: ')
  File "<string>", line 0
    
    ^
SyntaxError: unexpected EOF while parsing
>>> fname =raw input('ievadi tekstu: ')
SyntaxError: invalid syntax
>>> input('Īevadi kaut ko: ')
Īevadi kaut ko: klsjjklgd

Traceback (most recent call last):
  File "<pyshell#111>", line 1, in <module>
    input('Īevadi kaut ko: ')
  File "<string>", line 1, in <module>
NameError: name 'klsjjklgd' is not defined
>>> faila nosaukums = raw input ('Nosauc faila nosaukumu  ')
SyntaxError: invalid syntax
>>> fname = input ('Īevadi skaitli! ')
Īevadi skaitli! 12
>>> 
>>> file name = input('Nosauc faila nosaukumu! ')
SyntaxError: invalid syntax
>>> fname = raw input ('Enter the file naem : ')
SyntaxError: invalid syntax
>>> fname= input('Ēnter the file name: ')
Ēnter the file name: teksts.txt

Traceback (most recent call last):
  File "<pyshell#117>", line 1, in <module>
    fname= input('Ēnter the file name: ')
  File "<string>", line 1, in <module>
NameError: name 'teksts' is not defined
>>> fname = input ('Enter the filr name: ')
Enter the filr name: 'teksts.txt'
>>> fhand = open(fname)
>>> count = 1
>>> for line in fhand:
	if line.startswith('Subject:') :
		count = count + 1
		print('There were',count,'subject lines in', fname)

		
>>> fname = input ('Ievadi faila nosukumu!:')
Ievadi faila nosukumu!:teksts.txt

Traceback (most recent call last):
  File "<pyshell#126>", line 1, in <module>
    fname = input ('Ievadi faila nosukumu!:')
  File "<string>", line 1, in <module>
NameError: name 'teksts' is not defined
>>> fname = input ('Enter the file name: ')
Enter the file name:  teksts.txt

Traceback (most recent call last):
  File "<pyshell#127>", line 1, in <module>
    fname = input ('Enter the file name: ')
  File "<string>", line 1, in <module>
NameError: name 'teksts' is not defined
>>> input('Ievadi kadu skaitli: ')
Ievadi kadu skaitli: 43
43
>>> try:
	fhan = open(fname)
	except:
		
SyntaxError: invalid syntax
>>> try:
	fhand=open(fname)
	print('File cannot be opened:'fname)
	
SyntaxError: invalid syntax
>>> count=0
>>> for line in fhand:
	if line.startswith('Subject:'):
		count=count+1
		print('There were',count,'subject lines in',fname)

		
>>> Enter the file name: teksts.txt
SyntaxError: invalid syntax
>>> na na bpooo
SyntaxError: invalid syntax
>>> Enter the file name : nanabo
SyntaxError: invalid syntax
>>> save

Traceback (most recent call last):
  File "<pyshell#144>", line 1, in <module>
    save
NameError: name 'save' is not defined
>>> user@epk428-3:~$ ls -
ls: cannot access '-': No such file or directory
user@epk428-3:~$ ls -l
total 36
drwxr-xr-x 2 user user 4096 Feb 10  2016 Desktop
drwxrwxr-x 3 user user 4096 Mar  5  2018 Documents
drwxr-xr-x 2 user user 4096 Mar  5  2018 Downloads
drwxr-xr-x 2 user user 4096 Mar  5  2018 Music
drwxr-xr-x 2 user user 4096 Mar  5  2018 Pictures
drwxr-xr-x 2 user user 4096 Mar  5  2018 Public
drwxr-xr-x 2 user user 4096 Mar  5  2018 Templates
drwxr-xr-x 2 user user 4096 Mar  5  2018 Videos
drwxrwxr-x 3 user user 4096 Feb  9  2016 VirtualBox VMs
user@epk428-3:~$ pwd
/home/user
user@epk428-3:~$ nano.txt
nano.txt: command not found
user@epk428-3:~$ nano teksts.txt
user@epk428-3:~$ ls -
ls: cannot access '-': No such file or directory
user@epk428-3:~$ ls -l
total 40
drwxr-xr-x 2 user user 4096 Feb 10  2016 Desktop
drwxrwxr-x 3 user user 4096 Mar  5  2018 Documents
drwxr-xr-x 2 user user 4096 Mar  5  2018 Downloads
drwxr-xr-x 2 user user 4096 Mar  5  2018 Music
drwxr-xr-x 2 user user 4096 Mar  5  2018 Pictures
drwxr-xr-x 2 user user 4096 Mar  5  2018 Public
-rw-rw-r-- 1 user user   15 Oct 31 08:31 teksts.txt
drwxr-xr-x 2 user user 4096 Mar  5  2018 Templates
drwxr-xr-x 2 user user 4096 Mar  5  2018 Videos
drwxrwxr-x 3 user user 4096 Feb  9  2016 VirtualBox VMs
user@epk428-3:~$ idle
stuException in Tkinter callback
Traceback (most recent call last):
  File "/usr/lib/python2.7/lib-tk/Tkinter.py", line 1540, in __call__
    return self.func(*args)
  File "/usr/lib/python2.7/idlelib/IOBinding.py", line 357, in save_as
    if self.writefile(filename):
  File "/usr/lib/python2.7/idlelib/IOBinding.py", line 378, in writefile
    chars = self.encode(self.text.get("1.0", "end-1c"))
  File "/usr/lib/python2.7/idlelib/IOBinding.py", line 450, in encode
    dialog = EncodingMessage(self.editwin.top, enc)
  File "/usr/lib/python2.7/idlelib/IOBinding.py", line 76, in __init__
    self.root = top = Toplevel(master)
NameError: global name 'Toplevel' is not defined
Python 2.7.12 (default, Dec  4 2017, 14:50:18) 
[GCC 5.4.0 20160609] on linux2
Type "copyright", "credits" or "license()" for more information.
>>> open ("teksts.txt" ,"r")
<open file 'teksts.txt', mode 'r' at 0x7ff6742ab8a0>
>>> open("/home/user/teksts.txt","r")
<open file '/home/user/teksts.txt', mode 'r' at 0x7ff67413be40>
>>> f = open('teksts.txt')
>>> for kline in f
SyntaxError: invalid syntax
>>> f = open('teksts.txt')
>>> for line in f
SyntaxError: invalid syntax
>>> f = open('teksts.txt')
>>> for line in f:
	line

	
'adjalksdjlkajs\n'
>>> fhand = open('teksts.txt', 'ŗ')

Traceback (most recent call last):
  File "<pyshell#10>", line 1, in <module>
    fhand = open('teksts.txt', 'ŗ')
ValueError: mode string must begin with one of 'r', 'w', 'a' or 'U', not 'ŗ'
>>> fhand = open('teksts.txt', 'r')
>>> handle = open(teksts. mode)

Traceback (most recent call last):
  File "<pyshell#12>", line 1, in <module>
    handle = open(teksts. mode)
NameError: name 'teksts' is not defined
>>> fhand = open('teksts.txt','r')
>>> handle = open(teksts.txt, mode)

Traceback (most recent call last):
  File "<pyshell#15>", line 1, in <module>
    handle = open(teksts.txt, mode)
NameError: name 'teksts' is not defined
>>> fhand = open('teksts.txt', 'r')
>>> handle = open('teksts.txt', 'r')
>>> fhand=open('teksts.txt')
>>> print(fhand)
<open file 'teksts.txt', mode 'r' at 0x7ff673ead4b0>
>>> fhand = open('teksts.txt')
>>> stuff = 'Hello\nWorld!'
>>> stuff
'Hello\nWorld!'
>>> print(stuff)
Hello
World!
>>> stuff = 'X\nY'
>>> print(stuff)
X
Y
>>> len(stuff)
3
>>> xfile = open('teksts.txt')
>>> for cheese in xfile:
	print(cheese)

	
adjalksdjlkajs

>>> fhand = open('teksts.txt')
>>> count = 0
>>> for line in fhand:
	count = count + 1
	print('Line Count:',count)

	
('Line Count:', 1)
>>> $ python open.py
SyntaxError: invalid syntax
>>> fhand = open('teksts.txt')
>>> count=0
>>> for line in fhand:
	count=count+1
	print('Line Count:',count)
	$ python open.py
	
SyntaxError: invalid syntax
>>> fhand = open('teksts.txt')
>>> inp = fhand.read()
>>> print(len(inp))
15
>>> print(inp[:20])
adjalksdjlkajs

>>> fhand=open('teksts.txt')
>>> for line in fhand:
	if line.startswith('teksts.txt:'):
		print(line)

		
>>> fhand=open('teksts.txt')
>>> for line in fhand:
	if line.open('teksts.txt:'):
		print(line)

		

Traceback (most recent call last):
  File "<pyshell#57>", line 2, in <module>
    if line.open('teksts.txt:'):
AttributeError: 'str' object has no attribute 'open'
>>> fhand=open('teksts.txt')
>>> for line in fhand:
	line=line.rstrip()
	if line.startswith('teksts.txt:')
	
SyntaxError: invalid syntax
>>> fhand=open('teksts.txt')
>>> for line in fhand:
	line=line.rstrip()
	if line.startswith('teksts.txt:'):
		print(line)

		
>>> from: stephan.marquard@utc.ac.za
SyntaxError: invalid syntax
>>> from: stephen.marquard@utc.ac.za\n
SyntaxError: invalid syntax
>>> from : stephan.marquard@utc.ac.za\n
SyntaxError: invalid syntax
>>> fhand = open('teksts.txt')
>>> for line in fnahd:
	line = line.rstrip()
	if not line.startswith('From:'):
		continue
	print(line)

	

Traceback (most recent call last):
  File "<pyshell#77>", line 1, in <module>
    for line in fnahd:
NameError: name 'fnahd' is not defined
>>> fhand=open('teksts.txt')
>>> for line in fhand:
	line = line.rstrip()
	if not '@utc.ac.za''in line :
	
SyntaxError: EOL while scanning string literal
>>> fhand = open('teksts.txt')
>>> for line in fhand:
	line = line.rstrip()
	if not '@utc.ac.za' in line :
		continue
	print(line)

	
